exports[`Controlled Toggler should mount a default toggler 1`] = `
<Toggler
  isOpen={false} />
`;

exports[`Controlled Toggler should render a default toggler 1`] = `null`;

exports[`Controlled Toggler should shallow a default toggler 1`] = `null`;

exports[`Uncontrolled Toggler should mount a default toggler 1`] = `
<TogglerUncontrolled
  buttonContent={null}
  isOpen={false}>
  <div>
    <Button
      aria-expanded={false}
      className="terra-Toggler-button"
      isBlock={false}
      isCompact={false}
      isDisabled={false}
      isReversed={false}
      onClick={[Function]}
      variant="default">
      <button
        aria-disabled={false}
        aria-expanded={false}
        className="terra-Button terra-Button--default terra-Toggler-button"
        disabled={false}
        onClick={[Function]} />
    </Button>
    <Toggler
      className="terra-Toggler-uncontrolled"
      isOpen={false} />
  </div>
</TogglerUncontrolled>
`;

exports[`Uncontrolled Toggler should render a default toggler 1`] = `
<div>
  <button
    aria-disabled="false"
    aria-expanded="false"
    class="terra-Button terra-Button--default terra-Toggler-button" />
</div>
`;

exports[`Uncontrolled Toggler should shallow a default toggler 1`] = `
<div>
  <Button
    aria-expanded={false}
    className="terra-Toggler-button"
    isBlock={false}
    isCompact={false}
    isDisabled={false}
    isReversed={false}
    onClick={[Function]}
    variant="default" />
  <Toggler
    className="terra-Toggler-uncontrolled"
    isOpen={false}>
    <div>
      <p>
        Lorem ipsum dolor sit amet, consectetur adipiscing elit. Curabitur malesuada dui sed porttitor interdum. Sed scelerisque tempor massa, id mollis enim dapibus sit amet. Nunc interdum orci at venenatis condimentum. Donec scelerisque leo eget aliquam tempus. Nunc maximus rhoncus sem, pharetra gravida risus consectetur et. Ut nec mi eros. Cras convallis pellentesque neque ac tristique. Curabitur iaculis erat ac nulla accumsan mattis.
      </p>
       
      <p>
        In ornare fringilla mauris, non vestibulum orci sodales et. Morbi finibus efficitur vulputate. Cras viverra, felis sit amet porttitor tristique, turpis lacus sodales risus, id fermentum nisl lacus non mauris. Phasellus eu dolor justo. Quisque tempor est purus, et scelerisque justo vestibulum vel. Fusce ornare venenatis nibh, sed tristique ipsum luctus vel. Pellentesque in bibendum lorem. Integer mi metus, aliquam eget turpis quis, consectetur placerat diam. Etiam velit felis, viverra eu ultricies sed, feugiat id nisl. Aliquam vestibulum tincidunt felis vitae scelerisque. Nullam rutrum justo ac maximus sodales.
      </p>
      <p>
        Interdum et malesuada fames ac ante ipsum primis in faucibus. Vestibulum vel arcu suscipit, aliquet lectus scelerisque, tincidunt nunc. Aliquam ipsum nibh, egestas nec consectetur sit amet, suscipit eget dolor. Duis vitae turpis tempor, elementum mauris dapibus, elementum enim. Duis sodales enim volutpat leo ultrices, sed lacinia mauris sodales. Curabitur vitae viverra dolor. Pellentesque tempus, metus eget tristique malesuada, lectus tortor pulvinar nunc, at hendrerit sem odio placerat ex. Nullam efficitur urna eget sem aliquet hendrerit. Donec imperdiet ante erat, vitae condimentum arcu rhoncus sed.
      </p>
    </div>
  </Toggler>
</div>
`;
