exports[`test should render a default component 1`] = `
<div>
  <div
    style="height:20px;width:20px;" />
</div>
`;

exports[`test should shallow a default component 1`] = `
<div>
  <PopupPresenter
    classNameArrow={null}
    classNameContent={null}
    classNameOverlay={null}
    contentAttachment="top center"
    contentDimensions="25x 25x"
    isArrowDisplayed={false}
    isHeaderDisabled={false}
    isOpen={true}
    onRequestClose={[Function]}
    targetRef={[Function]}>
    <p>
      this is popup content
    </p>
  </PopupPresenter>
  <div
    style={
      Object {
        "height": "20px",
        "width": "20px",
      }
    } />
</div>
`;
