exports[`test should render a ChoiceField with the rest of the props 1`] = `
<Fieldset
  attrs={
    Object {
      "className": "healtheintent-application",
    }
  }
  error="This field is required"
  help="State Locations help determine what campus to place you at"
  htmlFor={null}
  isInline={false}
  label="What State do you live in?"
  legend={null}
  required={true}>
  <Control
    attrs={Object {}}
    checked={false}
    isInline={false}
    label="Kansas"
    name="children_present"
    onChange={[Function]}
    type="radio"
    value="ks" />
  <Control
    attrs={Object {}}
    checked={false}
    isInline={false}
    label="Missouri"
    name="children_present"
    onChange={[Function]}
    type="radio"
    value="MO" />
</Fieldset>
`;

exports[`test should render a default component 1`] = `
<Fieldset
  error={null}
  help={null}
  htmlFor={null}
  isInline={false}
  legend={null} />
`;
