exports[`test should render a MultiChoiceField with the rest of the props 1`] = `
<Fieldset
  error="This field is required"
  help="Note: All checked languages should have at least 3 months experience"
  htmlFor={null}
  isInline={false}
  label="Select the programming languages you have experience with"
  legend={null}
  required={true}>
  <Control
    attrs={Object {}}
    isInline={false}
    label="C"
    name="language_experience"
    onChange={[Function]}
    type="checkbox"
    value="C" />
  <Control
    attrs={Object {}}
    isInline={false}
    label="java"
    name="language_experience"
    onChange={[Function]}
    type="checkbox"
    value="Java" />
</Fieldset>
`;

exports[`test should render a default component 1`] = `
<Fieldset
  error={null}
  help={null}
  htmlFor={null}
  isInline={false}
  legend={null} />
`;
